// Vitest Snapshot v1

exports[`Environment > Should have attributes, characters, query response sub objects and all attributes from sheet in attributes subobject 1`] = `
{
  "main_tabs_tab": "nav-tabs-main-tabs--settings",
  "template_start": "&{template:test} {{character_name=@{character_name}}} {{character_id=@{character_id}}}",
}
`;
